test_01.in
LFU cache result:
79876
Belady cache result:
124450
test_02.in
LFU cache result:
30225
Belady cache result:
92366
test_03.in
LFU cache result:
209781
Belady cache result:
250413
test_04.in
LFU cache result:
67917
Belady cache result:
103506
test_05.in
LFU cache result:
29373
Belady cache result:
74260
test_06.in
LFU cache result:
147754
Belady cache result:
206414
test_07.in
LFU cache result:
114683
Belady cache result:
158833
test_08.in
LFU cache result:
55859
Belady cache result:
79813
test_09.in
LFU cache result:
194949
Belady cache result:
228380
test_10.in
LFU cache result:
48995
Belady cache result:
95299
